  Wikipedia batch failed: HTTP 429 for https://en.wikipedia.org/w/api.php?action=query&format=json&origin=*&titles=%22Mad-Eye%22+Moody%7C1980s+Hogwarts+Gobstones+Tournament+champion%27s+parents%7C1994%E2%80%9395+Triwizard+Tournament%7C2-Headed+Baby%7C422nd+Quidditch+world+cup%7CAaron+the+Abhorrent%7Cacromantula%7CAdda%7CAfrican+prince%7CAgnes%27s+son%7CAlastair%7CAlastor+%27Mad-Eye%27+Moody%7CAlastor+%22Mad+Eye%22+Moody%7CAlastor%22Mad-Eye+Moody%7CAlastor%22Mad-Eye%22Moody%7CAlbert+Bellchant%7CAlbert+Boot%7CAlbus-Severus%7CAlbus-Severus+Potter%7CAlecto+and+Amycus+Carrow&redirects=1&prop=pageimages%7Cinfo&piprop=thumbnail%7Cname&pithumbsize=180&inprop=url: You are making too many requests to the API.
Please follow the best practices at <https://www.mediawiki.org/wiki/Wikimedia_APIs/Rate_limits>.
If you are unsure how to get the access you need, contact 
  Wikipedia batch failed: HTTP 429 for https://en.wikipedia.org/w/api.php?action=query&format=json&origin=*&titles=Charley+Weasley%7CCharlie+Baverstock%7Ccharms%7Cchaser%7CChristian+Alexander%7Cchronology+of+the+Harry+Potter+universe%7CColin+and+Dennis+Creevy%7CColin+Creevy%7CCorner+shop+on+Wisteria+Walk%7Ccreature+in+Harry+Potter%7Ccurrency+in+Harry+Potter+universe%7CDamocles+Belby%7Cdementor%7Cdementor+kiss%7CDennis+Creevy%7CDexter+Fortescue%7Cdivination%7CDobby+the+elf%7CDobby+the+house+elf%7Cdragon+in+the+Harry+Potter+universe&redirects=1&prop=pageimages%7Cinfo&piprop=thumbnail%7Cname&pithumbsize=180&inprop=url: You are making too many requests to the API.
Please follow the best practices at <https://www.mediawiki.org/wiki/Wikimedia_APIs/Rate_limits>.
If you are unsure how to get the access you need, contact 
  Wikipedia batch failed: HTTP 429 for https://en.wikipedia.org/w/api.php?action=query&format=json&origin=*&titles=Josephina+Flint%7CJustin+Finch+Fletchley%7CKatie+Bell%27s+father%7CKevon+Allwood%7CKing+Ragnuk+the+First%7Ckneazle%7Clegilimency%7CLilly+%28Evans%29+Potter%7CLilly+potter%7CLilly+Potter+II%7CLily+and+james+potter%7CLily+Potter%7Clocation+in+Harry+Potter%7CLorcan+McLaird%7CLord+Grindelwald%7CLucas+Bargeworthy%7CLuchiane+Almeideaux%7CLudovic+Bagman%27s+goblin+creditors%7CLysandra+Yaxley%7CM.+Amerinus&redirects=1&prop=pageimages%7Cinfo&piprop=thumbnail%7Cname&pithumbsize=180&inprop=url: You are making too many requests to the API.
Please follow the best practices at <https://www.mediawiki.org/wiki/Wikimedia_APIs/Rate_limits>.
If you are unsure how to get the access you need, contact 
  Wikipedia batch failed: HTTP 429 for https://en.wikipedia.org/w/api.php?action=query&format=json&origin=*&titles=Blue+Field%7CBlue+Orb%7CBlueberry+Pok%C3%A9dex%7CBonsly+and+Sudowoodo%7CBronzor+and+Bronzong%7CBuizel+and+Floatzel%7CBuneary+and+Lopunny%7CBunnelby+and+Diggersby%7CCacnea+and+Cacturne%7CCarvanha+and+Sharpedo%7CCascarrafa%7CCasseroya+Lake%7Ccatching%7Ccave+in+the+Pok%C3%A9mon+universe%7CCeladon+University%7Ccentral+Kalos+Pok%C3%A9dex%7CCerulean+Cape%7CCherubi+and+Cherrim%7CChewtle+and+Drednaw%7CChili%2C+Cilan%2C+and+Cress&redirects=1&prop=pageimages%7Cinfo&piprop=thumbnail%7Cname&pithumbsize=180&inprop=url: You are making too many requests to the API.
Please follow the best practices at <https://www.mediawiki.org/wiki/Wikimedia_APIs/Rate_limits>.
If you are unsure how to get the access you need, contact 
  Wikipedia batch failed: HTTP 429 for https://en.wikipedia.org/w/api.php?action=query&format=json&origin=*&titles=Ducklett+and+Swanna%7CDuraludon+and+Archaludon%7CDurice+Island%7CDwebble+and+Crustle%7CEast+Province%7CEast+Province+%28Area+One%29%7CEast+Province+%28Area+Three%29%7CEast+Province+%28Area+Two%29%7CElectirizer%7CElectrike+and+Manectric%7CElemental+monkeys%7CElgyem+and+Beheeyem%7CEon+duo%7CEspurr+and+Meowstic%7Ceternamax%7CEugene%7CEvent+Pok%C3%A9mon%7Cevolution+item%7Cevolution+line+of+Rufflet%7Cevolution+stone&redirects=1&prop=pageimages%7Cinfo&piprop=thumbnail%7Cname&pithumbsize=180&inprop=url: You are making too many requests to the API.
Please follow the best practices at <https://www.mediawiki.org/wiki/Wikimedia_APIs/Rate_limits>.
If you are unsure how to get the access you need, contact 
  Wikipedia batch failed: HTTP 429 for https://en.wikipedia.org/w/api.php?action=query&format=json&origin=*&titles=L1144511%7CL1149207%7CL1149217%7CL1151687%7CL1156952%7CL1159053%7CL1159087%7CL1159131%7CL1159236%7CL1160540%7CL1161683%7CL1180585%7CL1191733%7CL1196810%7CL1202936%7CL1202940%7CL1202945%7CL1202949%7CL1202950%7CL1202958&redirects=1&prop=pageimages%7Cinfo&piprop=thumbnail%7Cname&pithumbsize=180&inprop=url: You are making too many requests to the API.
Please follow the best practices at <https://www.mediawiki.org/wiki/Wikimedia_APIs/Rate_limits>.
If you are unsure how to get the access you need, contact 
  Wikipedia batch failed: HTTP 429 for https://en.wikipedia.org/w/api.php?action=query&format=json&origin=*&titles=L562644%7CL5902-F1%7CL5903-F1%7CL5904-F1%7CL592132%7CL593411%7CL593413%7CL593423%7CL593462%7CL593598%7CL593622%7CL593861%7CL593867%7CL593877%7CL593881%7CL593892%7CL593893%7CL593895%7CL593899%7CL593952&redirects=1&prop=pageimages%7Cinfo&piprop=thumbnail%7Cname&pithumbsize=180&inprop=url: You are making too many requests to the API.
Please follow the best practices at <https://www.mediawiki.org/wiki/Wikimedia_APIs/Rate_limits>.
If you are unsure how to get the access you need, contact 
  Wikipedia batch failed: HTTP 429 for https://en.wikipedia.org/w/api.php?action=query&format=json&origin=*&titles=L643691%7CL643715%7CL643719%7CL644036%7CL644041%7CL672623%7CL673337%7CL673354%7CL673427%7CL673428%7CL677817%7CL678939%7CL678940%7CL678955%7CL678988%7CL679200%7CL679201%7CL679437%7CL679438%7CL680011&redirects=1&prop=pageimages%7Cinfo&piprop=thumbnail%7Cname&pithumbsize=180&inprop=url: You are making too many requests to the API.
Please follow the best practices at <https://www.mediawiki.org/wiki/Wikimedia_APIs/Rate_limits>.
If you are unsure how to get the access you need, contact 
  Wikipedia batch failed: HTTP 429 for https://en.wikipedia.org/w/api.php?action=query&format=json&origin=*&titles=L8451-F1%7CL8452-F1%7CL929030%7CL940893%7CL941363%7CL941375%7CL941488%7CL941727%7CL942103%7CL982975%7CL988612%7CL988694%7CL991479%7CL991481%7CL997776%7CL998994%7CLavender+Town+syndrome%7CLedyba+and+Ledian%7CLegendary+beasts%7CLegendary+birds&redirects=1&prop=pageimages%7Cinfo&piprop=thumbnail%7Cname&pithumbsize=180&inprop=url: You are making too many requests to the API.
Please follow the best practices at <https://www.mediawiki.org/wiki/Wikimedia_APIs/Rate_limits>.
If you are unsure how to get the access you need, contact 
  Wikipedia batch failed: HTTP 429 for https://en.wikipedia.org/w/api.php?action=query&format=json&origin=*&titles=legendary+duo%7Clegendary+quartet%7Clegendary+quintet%7Clegendary+sextet%7CLegendary+titans%7Clegendary+trio%7CLental+Photodex%7CLickitung+and+Lickilicky%7Clight+trio%7CLileep+and+Cradily%7CLitleo+and+Pyroar%7CLucky+Egg%7CLumiose+Pok%C3%A9dex%7CLunar+duo%7CMagikarp+and+Gyarados%7CMagmarizer%7CMakuhita+and+Hariyama%7CMantyke+and+Mantine%7CMaricopia+Islands%7CMarnie&redirects=1&prop=pageimages%7Cinfo&piprop=thumbnail%7Cname&pithumbsize=180&inprop=url: You are making too many requests to the API.
Please follow the best practices at <https://www.mediawiki.org/wiki/Wikimedia_APIs/Rate_limits>.
If you are unsure how to get the access you need, contact 
  Wikipedia batch failed: HTTP 429 for https://en.wikipedia.org/w/api.php?action=query&format=json&origin=*&titles=Mount+Silver%7Cmountain+Kalos+Pok%C3%A9dex%7CMudbray+and+Mudsdale%7CMunna+and+Musharna%7CMurkrow+and+Honchkrow%7CNatu+and+Xatu%7CNickit+and+Thievul%7CNoibat+and+Noivern%7CNorth+Province%7CNorth+Province+%28Area+One%29%7CNorth+Province+%28Area+Three%29%7CNorth+Province+%28Area+Two%29%7CNumel+and+Camerupt%7CNyar%C5%8Dte%7COdamaki%7COdd+Egg%7COhkido+Shigeru%7COkido+Shigeru%7C%C3%94kido+Shigeru%7COmanyte+and+Omastar&redirects=1&prop=pageimages%7Cinfo&piprop=thumbnail%7Cname&pithumbsize=180&inprop=url: You are making too many requests to the API.
Please follow the best practices at <https://www.mediawiki.org/wiki/Wikimedia_APIs/Rate_limits>.
If you are unsure how to get the access you need, contact 
  Wikipedia batch failed: HTTP 429 for https://en.wikipedia.org/w/api.php?action=query&format=json&origin=*&titles=Pok%C3%A9mon+coordinator%7CPok%C3%A9mon+crime+organization%7CPok%C3%A9mon+Dollar%7CPok%C3%A9mon+Elite+Four%7CPok%C3%A9mon+evolutionary+line%7CPok%C3%A9mon+fictional+location%7CPok%C3%A9mon+gym%7CPok%C3%A9mon+gym+leader%7CPok%C3%A9mon+item%7CPok%C3%A9mon+League+Reception+Gate%7CPok%C3%A9mon+Movies%7CPok%C3%A9mon+of+myth%7CPok%C3%A9mon+Police+Officer%7CPok%C3%A9mon+region%7CPok%C3%A9mon+Scientist%7CPok%C3%A9mon+species%7CPok%C3%A9mon+training%7CPok%C3%A9mon+type%7CPok%C3%A9mon+Video+Games%7CPok%C3%A9mon+without+evolution&redirects=1&prop=pageimages%7Cinfo&piprop=thumbnail%7Cname&pithumbsize=180&inprop=url: You are making too many requests to the API.
Please follow the best practices at <https://www.mediawiki.org/wiki/Wikimedia_APIs/Rate_limits>.
If you are unsure how to get the access you need, contact 
  Wikipedia batch failed: HTTP 429 for https://en.wikipedia.org/w/api.php?action=query&format=json&origin=*&titles=Battle+of+the+Camp%7CBattle+of+the+Crossings+of+Erui%7CBattle+of+the+Fords+of+Isen%7CBattle+of+the+Gwathl%C3%B3%7CBattle+of+the+Plains%7Cbattles+of+Osgiliath+during+the+War+of+the+Ring%7Cbattles+of+the+Fellowship+of+the+Ring%7CBay+of+And%C3%BAni%C3%AB%7CBay+of+Balar%7CBay+of+Eldanna%7CBay+of+R%C3%B3menna%7CBelba+Baggins%7CBeldir%7CBeldis%7CBelecthor+I%7CBelecthor+II%7CBeleg+de+Arthedain%7CBeleg+of+Arthedain%7CBelegor%7CBelegorn&redirects=1&prop=pageimages%7Cinfo&piprop=thumbnail%7Cname&pithumbsize=180&inprop=url: You are making too many requests to the API.
Please follow the best practices at <https://www.mediawiki.org/wiki/Wikimedia_APIs/Rate_limits>.
If you are unsure how to get the access you need, contact 
  Wikipedia batch failed: HTTP 429 for https://en.wikipedia.org/w/api.php?action=query&format=json&origin=*&titles=Caliondo%7CCalmindon%7CCamellia+Sackville%7CCaptain+of+the+King%27s+Ships%7CCaragd%C3%BBr%7CCasa+de+F%C3%ABanor%7CCats+of+Queen+Ber%C3%BAthiel%7CCelebrindor%7CCelebros%7CCelepharn%7CCelon%7Ccharacter+from+J.R.R.+Tolkien%27s+legendarium%7CChildren+of+Il%C3%BAvatar%7CChubb+family%7CCirith+Gorgor%7Ccold-drakes%7CCora+Bolger%7Ccosmology+of+J.+J.+R.+Tolkien%27s+legendarium%7Ccraban%7CCreation+of+the+Dwarves&redirects=1&prop=pageimages%7Cinfo&piprop=thumbnail%7Cname&pithumbsize=180&inprop=url: You are making too many requests to the API.
Please follow the best practices at <https://www.mediawiki.org/wiki/Wikimedia_APIs/Rate_limits>.
If you are unsure how to get the access you need, contact 
Error: UNKNOWN: unknown error, open 'C:\Users\tknvrs\tonolore\tonolore\scripts\subjects\marvel\expanded.json'
    at Object.writeFileSync (node:fs:2422:20)
    at patchExpanded (C:\Users\tknvrs\tonolore\tonolore\scripts\maintenance\backfillEntityImages.js:284:8)
    at backfillSubject (C:\Users\tknvrs\tonolore\tonolore\scripts\maintenance\backfillEntityImages.js:617:9)
    at process.processTicksAndRejections (node:internal/process/task_queues:104:5)
    at async main (C:\Users\tknvrs\tonolore\tonolore\scripts\maintenance\backfillEntityImages.js:687:27) {
  errno: -4094,
  code: 'UNKNOWN',
  syscall: 'open',
  path: 'C:\\Users\\tknvrs\\tonolore\\tonolore\\scripts\\subjects\\marvel\\expanded.json'
}
