  Wikipedia batch failed: HTTP 429 for https://en.wikipedia.org/w/api.php?action=query&format=json&origin=*&titles=Water+7+Conflict%7CWhole+Cake+Island+Conflict&redirects=1&prop=pageimages%7Cinfo&piprop=thumbnail%7Cname&pithumbsize=180&inprop=url: You are making too many requests to the API.
Please follow the best practices at <https://www.mediawiki.org/wiki/Wikimedia_APIs/Rate_limits>.
If you are unsure how to get the access you need, contact 
  Wikipedia batch failed: HTTP 429 for https://en.wikipedia.org/w/api.php?action=query&format=json&origin=*&titles=Admiral+Korvin%7CAdran+Blake%7CAdrazar%7CAdrialla%7CAdrialla%27s+mother%7CAdrona%7CAdumari+Civil+War%7CAdumari+pistol%7CAeios%7CAeona+Cantor%7CAeradin%7CAeran%7CAered+Argyris%7CAereena%7CAeron%7CAerowynn%7CAfflas%7CAgapos+the+Eighth%7CAgapos+the+Tenth%7CAgarne&redirects=1&prop=pageimages%7Cinfo&piprop=thumbnail%7Cname&pithumbsize=180&inprop=url: You are making too many requests to the API.
Please follow the best practices at <https://www.mediawiki.org/wiki/Wikimedia_APIs/Rate_limits>.
If you are unsure how to get the access you need, contact 
  Wikipedia batch failed: HTTP 429 for https://en.wikipedia.org/w/api.php?action=query&format=json&origin=*&titles=Agent+ZNT-8%7CAggaba%7CAgia%7CAgias+Rikton%27s+grandfather%7CAgnuk%7CAgonizer+%28starship%29%7CAgonizer%7CAgral%7CAgrelcu+Haalta%7CAhk%27laht%7CAhlya%7CAhoec%7CAhsmar%7CAida+Forte%27s+mother%7CAk-Buz%7CAken+%28Ferroan%29%7CAken%7CAkh%27laht%7CAkkere%27s+brother%7CAkkere%27s+brother%27s+wife%7CAkrima+Benno%7CAl%27iastov%27s+former+caregiver&redirects=1&prop=pageimages%7Cinfo&piprop=thumbnail%7Cname&pithumbsize=180&inprop=url: You are making too many requests to the API.
Please follow the best practices at <https://www.mediawiki.org/wiki/Wikimedia_APIs/Rate_limits>.
If you are unsure how to get the access you need, contact 
  Wikipedia batch failed: HTTP 429 for https://en.wikipedia.org/w/api.php?action=query&format=json&origin=*&titles=Alferon+Choots+Bemming%7CAlfi%7CAlfonso%27s+sister%7CAlgrann%7CAlGray%7CAli-Alann%7CAli-Vor%7CAlianda%7CAlimet%7CAlinka+Aloo%7CAlinta%7CAlis%7CAlise+Davros%7CAlix%7CAlkhara%7CAll-Terrain+Attack+Vehicle%7CAllegra+Amar%7CAllia+%28customs+official%29%7CAllia%7CAllian%7CAlliance+I&redirects=1&prop=pageimages%7Cinfo&piprop=thumbnail%7Cname&pithumbsize=180&inprop=url: You are making too many requests to the API.
Please follow the best practices at <https://www.mediawiki.org/wiki/Wikimedia_APIs/Rate_limits>.
If you are unsure how to get the access you need, contact 
  Wikipedia batch failed: HTTP 429 for https://en.wikipedia.org/w/api.php?action=query&format=json&origin=*&titles=Anya%27s+oldest+sister%7CAnya%27s+sister%7CAnyar%7CAnyara%7CAnyul%7CAola+Blen%7CAponte%7CApoto%7CAptorr%7CAqinos%7CAquaris+Freeholders%7CAquilaean+campaign%7CAr%27alani%27s+aunt%7CAr%27alani%27s+grandfather%7CArac%7CAram+Acheron%7CAramb%7CArastide%7CArbeloa%27s+father%7CArber&redirects=1&prop=pageimages%7Cinfo&piprop=thumbnail%7Cname&pithumbsize=180&inprop=url: You are making too many requests to the API.
Please follow the best practices at <https://www.mediawiki.org/wiki/Wikimedia_APIs/Rate_limits>.
If you are unsure how to get the access you need, contact 
  Wikipedia batch failed: HTTP 429 for https://en.wikipedia.org/w/api.php?action=query&format=json&origin=*&titles=Arth%C3%A9zia%7CArthoni%7CArtoz%7CAru-Wen%7CArva+Pars%7CAryzah%7CAsenec%7CAsgar+Ro%27s+father%7CAsgar+Ro%27s+grandfather%7CAsh%27ett%7CAsh-Streak%7CAsh+Worlds%7CAshar%7CAshel%7CAshpidar%7CAshu-Nyamal%7CAsora%7CAssassination+attempt+on+the+ambassadors%7CAssault+on+Arkania%7CAssault+on+Base+Prime&redirects=1&prop=pageimages%7Cinfo&piprop=thumbnail%7Cname&pithumbsize=180&inprop=url: You are making too many requests to the API.
Please follow the best practices at <https://www.mediawiki.org/wiki/Wikimedia_APIs/Rate_limits>.
If you are unsure how to get the access you need, contact 
  Wikipedia batch failed: HTTP 429 for https://en.wikipedia.org/w/api.php?action=query&format=json&origin=*&titles=Baftu%7CBaggro%7CBail+Antilles%27s+wife%7CBail+Prestor+Organa%27s+father%7CBail+Prestor+Organa%27s+mother%7CBailen+Blythe%7CBaiuntu%7CBakk%7CBaksan%7CBakura+Incident%7CBalahteez%7CBalam%7CBalazausa%7CBalcomb%7CBaldy%7CBale%7CBalig%7CBalionn-Gur%7CBalkin%7CBallon&redirects=1&prop=pageimages%7Cinfo&piprop=thumbnail%7Cname&pithumbsize=180&inprop=url: You are making too many requests to the API.
Please follow the best practices at <https://www.mediawiki.org/wiki/Wikimedia_APIs/Rate_limits>.
If you are unsure how to get the access you need, contact 
  Wikipedia batch failed: HTTP 429 for https://en.wikipedia.org/w/api.php?action=query&format=json&origin=*&titles=Baradis+%28Galactic+Alliance%29%7CBaradis%7CBarani%7CBarbas+%28Takodana%29%7CBarbas%7CBarcelle%7CBarclo%7CBardbee%7CBarderia+navigator%7CBardi%27s+brother%7CBarduun%7CBarel-Slathborn%7CBarev%7CBarg%27no+Atchapat%7CBarga%7CBargos+%28Mon+Calamari%29%7CBargos%7CBargu%7CBarkhimkh%7CBarksy%7CBarleos%7CBarlex%7CBarnaby&redirects=1&prop=pageimages%7Cinfo&piprop=thumbnail%7Cname&pithumbsize=180&inprop=url: You are making too many requests to the API.
Please follow the best practices at <https://www.mediawiki.org/wiki/Wikimedia_APIs/Rate_limits>.
If you are unsure how to get the access you need, contact 
