  Wikipedia batch failed: HTTP 429 for https://en.wikipedia.org/w/api.php?action=query&format=json&origin=*&titles=Alabasta+Conflict%7CAlabasta+Kingdom%7CDestruction+of+Ohara%7CDressrosa+Conflict%7CEnies+Lobby+Conflict%7Cgeography+of+One+Piece%7CHuman-Human+Fruit%2C+Model%3A+Nika%7CMarineford+War%7COne+Piece+Anime%7COne+Piece+Live+Action%7COne+Piece+Live-Action%7COne+Piece+World&redirects=1&prop=extracts&explaintext=1&exintro=1&exlimit=max: You are making too many requests to the API.
Please follow the best practices at <https://www.mediawiki.org/wiki/Wikimedia_APIs/Rate_limits>.
If you are unsure how to get the access you need, contact 
  Wikipedia batch failed: HTTP 429 for https://en.wikipedia.org/w/api.php?action=query&format=json&origin=*&titles=Alabasta+Conflict%7CAlabasta+Kingdom%7CDestruction+of+Ohara%7CDressrosa+Conflict%7CEnies+Lobby+Conflict%7Cgeography+of+One+Piece%7CHuman-Human+Fruit%2C+Model%3A+Nika%7CMarineford+War%7COne+Piece+Anime%7COne+Piece+Live+Action%7COne+Piece+Live-Action%7COne+Piece+World&redirects=1&prop=extracts&explaintext=1&exintro=1&exlimit=max: You are making too many requests to the API.
Please follow the best practices at <https://www.mediawiki.org/wiki/Wikimedia_APIs/Rate_limits>.
If you are unsure how to get the access you need, contact 
  Wikipedia batch failed: HTTP 429 for https://en.wikipedia.org/w/api.php?action=query&format=json&origin=*&titles=Alabasta+Conflict%7CAlabasta+Kingdom%7CDestruction+of+Ohara%7CDressrosa+Conflict%7CEnies+Lobby+Conflict%7Cgeography+of+One+Piece%7CHuman-Human+Fruit%2C+Model%3A+Nika%7CMarineford+War%7COne+Piece+Anime%7COne+Piece+Live+Action%7COne+Piece+Live-Action%7COne+Piece+World&redirects=1&prop=extracts&explaintext=1&exintro=1&exlimit=max: You are making too many requests to the API.
Please follow the best practices at <https://www.mediawiki.org/wiki/Wikimedia_APIs/Rate_limits>.
If you are unsure how to get the access you need, contact 
  Wikipedia batch failed: HTTP 429 for https://en.wikipedia.org/w/api.php?action=query&format=json&origin=*&titles=G-3%7CG-4%7CGalzburg%7CGatherine%7CGig%7CGlove%7CHack+%28Archaeologist%29%7CHewitt%7CHiro+Gomon%7CHocha&redirects=1&prop=extracts&explaintext=1&exintro=1&exlimit=max: You are making too many requests to the API.
Please follow the best practices at <https://www.mediawiki.org/wiki/Wikimedia_APIs/Rate_limits>.
If you are unsure how to get the access you need, contact 
  Wikipedia batch failed: HTTP 429 for https://en.wikipedia.org/w/api.php?action=query&format=json&origin=*&titles=G-3%7CG-4%7CGalzburg%7CGatherine%7CGig%7CGlove%7CHack+%28Archaeologist%29%7CHewitt%7CHiro+Gomon%7CHocha&redirects=1&prop=extracts&explaintext=1&exintro=1&exlimit=max: You are making too many requests to the API.
Please follow the best practices at <https://www.mediawiki.org/wiki/Wikimedia_APIs/Rate_limits>.
If you are unsure how to get the access you need, contact 
  Wikipedia batch failed: HTTP 429 for https://en.wikipedia.org/w/api.php?action=query&format=json&origin=*&titles=Ace%27s+ship%7CAckickig%7CAnirak%7CAnsen%27s+ship%7CAra%27s+starship%7CAssorhan%7CBeeda%7CBeyele%7CBorantok%7CBort%27s+daughter%7CBryn+%28Vorzydiak%29%7CCaroline&redirects=1&prop=extracts&explaintext=1&exintro=1&exlimit=max: You are making too many requests to the API.
Please follow the best practices at <https://www.mediawiki.org/wiki/Wikimedia_APIs/Rate_limits>.
If you are unsure how to get the access you need, contact 
  Wikipedia batch failed: HTTP 429 for https://en.wikipedia.org/w/api.php?action=query&format=json&origin=*&titles=Ace%27s+ship%7CAckickig%7CAnirak%7CAnsen%27s+ship%7CAra%27s+starship%7CAssorhan%7CBeeda%7CBeyele%7CBorantok%7CBort%27s+daughter%7CBryn+%28Vorzydiak%29%7CCaroline&redirects=1&prop=extracts&explaintext=1&exintro=1&exlimit=max: You are making too many requests to the API.
Please follow the best practices at <https://www.mediawiki.org/wiki/Wikimedia_APIs/Rate_limits>.
If you are unsure how to get the access you need, contact 
  Wikipedia batch failed: HTTP 429 for https://en.wikipedia.org/w/api.php?action=query&format=json&origin=*&titles=Ace%27s+ship%7CAckickig%7CAnirak%7CAnsen%27s+ship%7CAra%27s+starship%7CAssorhan%7CBeeda%7CBeyele%7CBorantok%7CBort%27s+daughter%7CBryn+%28Vorzydiak%29%7CCaroline&redirects=1&prop=extracts&explaintext=1&exintro=1&exlimit=max: You are making too many requests to the API.
Please follow the best practices at <https://www.mediawiki.org/wiki/Wikimedia_APIs/Rate_limits>.
If you are unsure how to get the access you need, contact 
  Wikipedia batch failed: HTTP 429 for https://en.wikipedia.org/w/api.php?action=query&format=json&origin=*&titles=Ace%27s+ship%7CAckickig%7CAnirak%7CAnsen%27s+ship%7CAra%27s+starship%7CAssorhan%7CBeeda%7CBeyele%7CBorantok%7CBort%27s+daughter%7CBryn+%28Vorzydiak%29%7CCaroline&redirects=1&prop=extracts&explaintext=1&exintro=1&exlimit=max: You are making too many requests to the API.
Please follow the best practices at <https://www.mediawiki.org/wiki/Wikimedia_APIs/Rate_limits>.
If you are unsure how to get the access you need, contact 
  Wikipedia batch failed: HTTP 429 for https://en.wikipedia.org/w/api.php?action=query&format=json&origin=*&titles=Coh+Veshiv%27s+homeworld%7CCyll+Annora%7CDeath+Brick%7CDezon%27s+homeworld%7CForce+perception%7CFormmn+Badees%27+brother%7CHurd+Coyle%27s+ship%7CKenna%27s+starship%7CLethin+Bludder%7CLurdo%27s+ship%7CMarialew%27s+ship%7CMarriten&redirects=1&prop=extracts&explaintext=1&exintro=1&exlimit=max: You are making too many requests to the API.
Please follow the best practices at <https://www.mediawiki.org/wiki/Wikimedia_APIs/Rate_limits>.
If you are unsure how to get the access you need, contact 
  Wikipedia batch failed: HTTP 429 for https://en.wikipedia.org/w/api.php?action=query&format=json&origin=*&titles=Coh+Veshiv%27s+homeworld%7CCyll+Annora%7CDeath+Brick%7CDezon%27s+homeworld%7CForce+perception%7CFormmn+Badees%27+brother%7CHurd+Coyle%27s+ship%7CKenna%27s+starship%7CLethin+Bludder%7CLurdo%27s+ship%7CMarialew%27s+ship%7CMarriten&redirects=1&prop=extracts&explaintext=1&exintro=1&exlimit=max: You are making too many requests to the API.
Please follow the best practices at <https://www.mediawiki.org/wiki/Wikimedia_APIs/Rate_limits>.
If you are unsure how to get the access you need, contact 
  Wikipedia batch failed: HTTP 429 for https://en.wikipedia.org/w/api.php?action=query&format=json&origin=*&titles=Blue+Five+%28Star+Squadron%29%7CBo%27kesh%7CBobbler%7CBondeeni%27s+cousin%7CBorrosel%7CBot%7CBrak%7CBu%7CBungo+Bung%27s+father%7CBurg+%28Gamorrean%29%7CCeel%7CCeremonial+Beskad+Blade&redirects=1&prop=extracts&explaintext=1&exintro=1&exlimit=max: You are making too many requests to the API.
Please follow the best practices at <https://www.mediawiki.org/wiki/Wikimedia_APIs/Rate_limits>.
If you are unsure how to get the access you need, contact 
  Wikipedia batch failed: HTTP 429 for https://en.wikipedia.org/w/api.php?action=query&format=json&origin=*&titles=Blue+Five+%28Star+Squadron%29%7CBo%27kesh%7CBobbler%7CBondeeni%27s+cousin%7CBorrosel%7CBot%7CBrak%7CBu%7CBungo+Bung%27s+father%7CBurg+%28Gamorrean%29%7CCeel%7CCeremonial+Beskad+Blade&redirects=1&prop=extracts&explaintext=1&exintro=1&exlimit=max: You are making too many requests to the API.
Please follow the best practices at <https://www.mediawiki.org/wiki/Wikimedia_APIs/Rate_limits>.
If you are unsure how to get the access you need, contact 
  Wikipedia batch failed: HTTP 429 for https://en.wikipedia.org/w/api.php?action=query&format=json&origin=*&titles=Final+Battle+of+the+Aquilaean+campaign%7CForgesmiths+of+Matterhelm%7CFreelance+Pilots+Guild%7CFrohard%27s+Galactic+F-7%7CGaffhook%7CGant+Wanar%7CGen%27Dai+homeworld%7CGood+Tidings+V%7CHibernation+trance%7CHook-lash%7CIndependent+Class%7CIndictor+%28Sith+warship%29&redirects=1&prop=extracts&explaintext=1&exintro=1&exlimit=max: You are making too many requests to the API.
Please follow the best practices at <https://www.mediawiki.org/wiki/Wikimedia_APIs/Rate_limits>.
If you are unsure how to get the access you need, contact 
  Wikipedia batch failed: HTTP 429 for https://en.wikipedia.org/w/api.php?action=query&format=json&origin=*&titles=Final+Battle+of+the+Aquilaean+campaign%7CForgesmiths+of+Matterhelm%7CFreelance+Pilots+Guild%7CFrohard%27s+Galactic+F-7%7CGaffhook%7CGant+Wanar%7CGen%27Dai+homeworld%7CGood+Tidings+V%7CHibernation+trance%7CHook-lash%7CIndependent+Class%7CIndictor+%28Sith+warship%29&redirects=1&prop=extracts&explaintext=1&exintro=1&exlimit=max: You are making too many requests to the API.
Please follow the best practices at <https://www.mediawiki.org/wiki/Wikimedia_APIs/Rate_limits>.
If you are unsure how to get the access you need, contact 
  Wikipedia batch failed: HTTP 429 for https://en.wikipedia.org/w/api.php?action=query&format=json&origin=*&titles=Final+Battle+of+the+Aquilaean+campaign%7CForgesmiths+of+Matterhelm%7CFreelance+Pilots+Guild%7CFrohard%27s+Galactic+F-7%7CGaffhook%7CGant+Wanar%7CGen%27Dai+homeworld%7CGood+Tidings+V%7CHibernation+trance%7CHook-lash%7CIndependent+Class%7CIndictor+%28Sith+warship%29&redirects=1&prop=extracts&explaintext=1&exintro=1&exlimit=max: You are making too many requests to the API.
Please follow the best practices at <https://www.mediawiki.org/wiki/Wikimedia_APIs/Rate_limits>.
If you are unsure how to get the access you need, contact 
  Wikipedia batch failed: HTTP 429 for https://en.wikipedia.org/w/api.php?action=query&format=json&origin=*&titles=Final+Battle+of+the+Aquilaean+campaign%7CForgesmiths+of+Matterhelm%7CFreelance+Pilots+Guild%7CFrohard%27s+Galactic+F-7%7CGaffhook%7CGant+Wanar%7CGen%27Dai+homeworld%7CGood+Tidings+V%7CHibernation+trance%7CHook-lash%7CIndependent+Class%7CIndictor+%28Sith+warship%29&redirects=1&prop=extracts&explaintext=1&exintro=1&exlimit=max: You are making too many requests to the API.
Please follow the best practices at <https://www.mediawiki.org/wiki/Wikimedia_APIs/Rate_limits>.
If you are unsure how to get the access you need, contact 
  Wikipedia batch failed: HTTP 429 for https://en.wikipedia.org/w/api.php?action=query&format=json&origin=*&titles=Jahan+Cross%27s+mother%7CJashwa%7CJastina+Clines%7CKalista+Banto%7CKaori+Batta%27s+mother%7CKinzor%7CKoorivar+homeworld%7CLa%27drach%7CLeniel+Beal%7CLightrunner%7CLT998+Armor+Incinerator%7CLumbra%27s+ship&redirects=1&prop=extracts&explaintext=1&exintro=1&exlimit=max: You are making too many requests to the API.
Please follow the best practices at <https://www.mediawiki.org/wiki/Wikimedia_APIs/Rate_limits>.
If you are unsure how to get the access you need, contact 
  Wikipedia batch failed: HTTP 429 for https://en.wikipedia.org/w/api.php?action=query&format=json&origin=*&titles=Jahan+Cross%27s+mother%7CJashwa%7CJastina+Clines%7CKalista+Banto%7CKaori+Batta%27s+mother%7CKinzor%7CKoorivar+homeworld%7CLa%27drach%7CLeniel+Beal%7CLightrunner%7CLT998+Armor+Incinerator%7CLumbra%27s+ship&redirects=1&prop=extracts&explaintext=1&exintro=1&exlimit=max: You are making too many requests to the API.
Please follow the best practices at <https://www.mediawiki.org/wiki/Wikimedia_APIs/Rate_limits>.
If you are unsure how to get the access you need, contact 
  Wikipedia batch failed: HTTP 429 for https://en.wikipedia.org/w/api.php?action=query&format=json&origin=*&titles=Jahan+Cross%27s+mother%7CJashwa%7CJastina+Clines%7CKalista+Banto%7CKaori+Batta%27s+mother%7CKinzor%7CKoorivar+homeworld%7CLa%27drach%7CLeniel+Beal%7CLightrunner%7CLT998+Armor+Incinerator%7CLumbra%27s+ship&redirects=1&prop=extracts&explaintext=1&exintro=1&exlimit=max: You are making too many requests to the API.
Please follow the best practices at <https://www.mediawiki.org/wiki/Wikimedia_APIs/Rate_limits>.
If you are unsure how to get the access you need, contact 
  Wikipedia batch failed: HTTP 429 for https://en.wikipedia.org/w/api.php?action=query&format=json&origin=*&titles=Warhead%7CWeb+spinneret%7CWhirlpool+generator%7CYara%27s+Fortune%7CYesha+Bergeson%7CZiv+Banks%7C%22Backdraft%22%7C%22Duchess%22%7C%22Midnight%22%7C%22One+Eye%22%7C%22Personal+Armory%22+Gear%7C%22Pure+Sabacc%22&redirects=1&prop=extracts&explaintext=1&exintro=1&exlimit=max: You are making too many requests to the API.
Please follow the best practices at <https://www.mediawiki.org/wiki/Wikimedia_APIs/Rate_limits>.
If you are unsure how to get the access you need, contact 
  Wikipedia batch failed: HTTP 429 for https://en.wikipedia.org/w/api.php?action=query&format=json&origin=*&titles=Warhead%7CWeb+spinneret%7CWhirlpool+generator%7CYara%27s+Fortune%7CYesha+Bergeson%7CZiv+Banks%7C%22Backdraft%22%7C%22Duchess%22%7C%22Midnight%22%7C%22One+Eye%22%7C%22Personal+Armory%22+Gear%7C%22Pure+Sabacc%22&redirects=1&prop=extracts&explaintext=1&exintro=1&exlimit=max: You are making too many requests to the API.
Please follow the best practices at <https://www.mediawiki.org/wiki/Wikimedia_APIs/Rate_limits>.
If you are unsure how to get the access you need, contact 
  Wikipedia batch failed: HTTP 429 for https://en.wikipedia.org/w/api.php?action=query&format=json&origin=*&titles=Adun%7CAeios%7CAeradin%7CAered+Argyris%7CAereena%7CAeron%7CAerowynn%7CAgapos+the+Eighth%7CAgapos+the+Tenth%7CAgarne%7CAgatha%7CAgaton&redirects=1&prop=extracts&explaintext=1&exintro=1&exlimit=max: You are making too many requests to the API.
Please follow the best practices at <https://www.mediawiki.org/wiki/Wikimedia_APIs/Rate_limits>.
If you are unsure how to get the access you need, contact 
  Wikipedia batch failed: HTTP 429 for https://en.wikipedia.org/w/api.php?action=query&format=json&origin=*&titles=Adun%7CAeios%7CAeradin%7CAered+Argyris%7CAereena%7CAeron%7CAerowynn%7CAgapos+the+Eighth%7CAgapos+the+Tenth%7CAgarne%7CAgatha%7CAgaton&redirects=1&prop=extracts&explaintext=1&exintro=1&exlimit=max: You are making too many requests to the API.
Please follow the best practices at <https://www.mediawiki.org/wiki/Wikimedia_APIs/Rate_limits>.
If you are unsure how to get the access you need, contact 
  Wikipedia batch failed: HTTP 429 for https://en.wikipedia.org/w/api.php?action=query&format=json&origin=*&titles=Adun%7CAeios%7CAeradin%7CAered+Argyris%7CAereena%7CAeron%7CAerowynn%7CAgapos+the+Eighth%7CAgapos+the+Tenth%7CAgarne%7CAgatha%7CAgaton&redirects=1&prop=extracts&explaintext=1&exintro=1&exlimit=max: You are making too many requests to the API.
Please follow the best practices at <https://www.mediawiki.org/wiki/Wikimedia_APIs/Rate_limits>.
If you are unsure how to get the access you need, contact 
  Wikipedia batch failed: HTTP 429 for https://en.wikipedia.org/w/api.php?action=query&format=json&origin=*&titles=Adun%7CAeios%7CAeradin%7CAered+Argyris%7CAereena%7CAeron%7CAerowynn%7CAgapos+the+Eighth%7CAgapos+the+Tenth%7CAgarne%7CAgatha%7CAgaton&redirects=1&prop=extracts&explaintext=1&exintro=1&exlimit=max: You are making too many requests to the API.
Please follow the best practices at <https://www.mediawiki.org/wiki/Wikimedia_APIs/Rate_limits>.
If you are unsure how to get the access you need, contact 
  Wikipedia batch failed: HTTP 429 for https://en.wikipedia.org/w/api.php?action=query&format=json&origin=*&titles=Agia%7CAgral%7CAidarro%7CAidus%7CAjaan%7CAjolin%7CAk-rev%27s+clan+mother%7CAkana-Tok%7CAkaste%27vel%7CAken+%28Ferroan%29%7CAkero%7CAkh%27laht&redirects=1&prop=extracts&explaintext=1&exintro=1&exlimit=max: You are making too many requests to the API.
Please follow the best practices at <https://www.mediawiki.org/wiki/Wikimedia_APIs/Rate_limits>.
If you are unsure how to get the access you need, contact 
  Wikipedia batch failed: HTTP 429 for https://en.wikipedia.org/w/api.php?action=query&format=json&origin=*&titles=Agia%7CAgral%7CAidarro%7CAidus%7CAjaan%7CAjolin%7CAk-rev%27s+clan+mother%7CAkana-Tok%7CAkaste%27vel%7CAken+%28Ferroan%29%7CAkero%7CAkh%27laht&redirects=1&prop=extracts&explaintext=1&exintro=1&exlimit=max: You are making too many requests to the API.
Please follow the best practices at <https://www.mediawiki.org/wiki/Wikimedia_APIs/Rate_limits>.
If you are unsure how to get the access you need, contact 
  Wikipedia batch failed: HTTP 429 for https://en.wikipedia.org/w/api.php?action=query&format=json&origin=*&titles=Agia%7CAgral%7CAidarro%7CAidus%7CAjaan%7CAjolin%7CAk-rev%27s+clan+mother%7CAkana-Tok%7CAkaste%27vel%7CAken+%28Ferroan%29%7CAkero%7CAkh%27laht&redirects=1&prop=extracts&explaintext=1&exintro=1&exlimit=max: You are making too many requests to the API.
Please follow the best practices at <https://www.mediawiki.org/wiki/Wikimedia_APIs/Rate_limits>.
If you are unsure how to get the access you need, contact 
  Wikipedia batch failed: HTTP 429 for https://en.wikipedia.org/w/api.php?action=query&format=json&origin=*&titles=Agia%7CAgral%7CAidarro%7CAidus%7CAjaan%7CAjolin%7CAk-rev%27s+clan+mother%7CAkana-Tok%7CAkaste%27vel%7CAken+%28Ferroan%29%7CAkero%7CAkh%27laht&redirects=1&prop=extracts&explaintext=1&exintro=1&exlimit=max: You are making too many requests to the API.
Please follow the best practices at <https://www.mediawiki.org/wiki/Wikimedia_APIs/Rate_limits>.
If you are unsure how to get the access you need, contact 
  Wikipedia batch failed: HTTP 429 for https://en.wikipedia.org/w/api.php?action=query&format=json&origin=*&titles=Alim%27Gen%7CAlis%7CAllegra+Amar%7CAllia+%28customs+official%29%7CAllian%7CAlliance+I%7CAlliance+I+Captain%7CAllic%7CAlmak+%28Human%29%7CAlmanian+sector+invasion%7CAlole%7CAlon&redirects=1&prop=extracts&explaintext=1&exintro=1&exlimit=max: You are making too many requests to the API.
Please follow the best practices at <https://www.mediawiki.org/wiki/Wikimedia_APIs/Rate_limits>.
If you are unsure how to get the access you need, contact 
  Wikipedia batch failed: HTTP 429 for https://en.wikipedia.org/w/api.php?action=query&format=json&origin=*&titles=Alim%27Gen%7CAlis%7CAllegra+Amar%7CAllia+%28customs+official%29%7CAllian%7CAlliance+I%7CAlliance+I+Captain%7CAllic%7CAlmak+%28Human%29%7CAlmanian+sector+invasion%7CAlole%7CAlon&redirects=1&prop=extracts&explaintext=1&exintro=1&exlimit=max: You are making too many requests to the API.
Please follow the best practices at <https://www.mediawiki.org/wiki/Wikimedia_APIs/Rate_limits>.
If you are unsure how to get the access you need, contact 
  Wikipedia batch failed: HTTP 429 for https://en.wikipedia.org/w/api.php?action=query&format=json&origin=*&titles=Alvena%7CAlxa+Kress%7CAlyak%7CAlys%7CAlyssa%7CAlzoc+III+Food+Commissioner%7CAM-501%7CAmalak%7CAmamanam%7CAmanda%27s+Toy+II%7CAmara+%28Human%29%7CAmarith&redirects=1&prop=extracts&explaintext=1&exintro=1&exlimit=max: You are making too many requests to the API.
Please follow the best practices at <https://www.mediawiki.org/wiki/Wikimedia_APIs/Rate_limits>.
If you are unsure how to get the access you need, contact 
  Wikipedia batch failed: HTTP 429 for https://en.wikipedia.org/w/api.php?action=query&format=json&origin=*&titles=Alvena%7CAlxa+Kress%7CAlyak%7CAlys%7CAlyssa%7CAlzoc+III+Food+Commissioner%7CAM-501%7CAmalak%7CAmamanam%7CAmanda%27s+Toy+II%7CAmara+%28Human%29%7CAmarith&redirects=1&prop=extracts&explaintext=1&exintro=1&exlimit=max: You are making too many requests to the API.
Please follow the best practices at <https://www.mediawiki.org/wiki/Wikimedia_APIs/Rate_limits>.
If you are unsure how to get the access you need, contact 
  Wikipedia batch failed: HTTP 429 for https://en.wikipedia.org/w/api.php?action=query&format=json&origin=*&titles=Alvena%7CAlxa+Kress%7CAlyak%7CAlys%7CAlyssa%7CAlzoc+III+Food+Commissioner%7CAM-501%7CAmalak%7CAmamanam%7CAmanda%27s+Toy+II%7CAmara+%28Human%29%7CAmarith&redirects=1&prop=extracts&explaintext=1&exintro=1&exlimit=max: You are making too many requests to the API.
Please follow the best practices at <https://www.mediawiki.org/wiki/Wikimedia_APIs/Rate_limits>.
If you are unsure how to get the access you need, contact 
  Wikipedia batch failed: HTTP 429 for https://en.wikipedia.org/w/api.php?action=query&format=json&origin=*&titles=Alvena%7CAlxa+Kress%7CAlyak%7CAlys%7CAlyssa%7CAlzoc+III+Food+Commissioner%7CAM-501%7CAmalak%7CAmamanam%7CAmanda%27s+Toy+II%7CAmara+%28Human%29%7CAmarith&redirects=1&prop=extracts&explaintext=1&exintro=1&exlimit=max: You are making too many requests to the API.
Please follow the best practices at <https://www.mediawiki.org/wiki/Wikimedia_APIs/Rate_limits>.
If you are unsure how to get the access you need, contact 
  Wikipedia batch failed: HTTP 429 for https://en.wikipedia.org/w/api.php?action=query&format=json&origin=*&titles=Amasi%7CAmaya%7CAmber+Star%7CAmberson%7CAmbush+in+the+Coruscant+system%7CAmbush+on+Alderaan%7CAmbush+on+the+Atoan+crystal+planet%7CAmes%7CAmin-Le%7CAminar%7CAminni%7CAmisus&redirects=1&prop=extracts&explaintext=1&exintro=1&exlimit=max: You are making too many requests to the API.
Please follow the best practices at <https://www.mediawiki.org/wiki/Wikimedia_APIs/Rate_limits>.
If you are unsure how to get the access you need, contact 
  Wikipedia batch failed: HTTP 429 for https://en.wikipedia.org/w/api.php?action=query&format=json&origin=*&titles=Amasi%7CAmaya%7CAmber+Star%7CAmberson%7CAmbush+in+the+Coruscant+system%7CAmbush+on+Alderaan%7CAmbush+on+the+Atoan+crystal+planet%7CAmes%7CAmin-Le%7CAminar%7CAminni%7CAmisus&redirects=1&prop=extracts&explaintext=1&exintro=1&exlimit=max: You are making too many requests to the API.
Please follow the best practices at <https://www.mediawiki.org/wiki/Wikimedia_APIs/Rate_limits>.
If you are unsure how to get the access you need, contact 
  Wikipedia batch failed: HTTP 429 for https://en.wikipedia.org/w/api.php?action=query&format=json&origin=*&titles=Amasi%7CAmaya%7CAmber+Star%7CAmberson%7CAmbush+in+the+Coruscant+system%7CAmbush+on+Alderaan%7CAmbush+on+the+Atoan+crystal+planet%7CAmes%7CAmin-Le%7CAminar%7CAminni%7CAmisus&redirects=1&prop=extracts&explaintext=1&exintro=1&exlimit=max: You are making too many requests to the API.
Please follow the best practices at <https://www.mediawiki.org/wiki/Wikimedia_APIs/Rate_limits>.
If you are unsure how to get the access you need, contact 
  Wikipedia batch failed: HTTP 429 for https://en.wikipedia.org/w/api.php?action=query&format=json&origin=*&titles=Aquilaean+campaign%7CAqzow%7CAra-Nea%7CAram+Acheron%7CArankau%7CArastide%7CArawynne%7CArbeloa%27s+father%7CArber%7CArcc+F%27lay%7CArchex%27s+father%7CArchex%27s+mother&redirects=1&prop=extracts&explaintext=1&exintro=1&exlimit=max: You are making too many requests to the API.
Please follow the best practices at <https://www.mediawiki.org/wiki/Wikimedia_APIs/Rate_limits>.
If you are unsure how to get the access you need, contact 
  Wikipedia batch failed: HTTP 429 for https://en.wikipedia.org/w/api.php?action=query&format=json&origin=*&titles=Aquilaean+campaign%7CAqzow%7CAra-Nea%7CAram+Acheron%7CArankau%7CArastide%7CArawynne%7CArbeloa%27s+father%7CArber%7CArcc+F%27lay%7CArchex%27s+father%7CArchex%27s+mother&redirects=1&prop=extracts&explaintext=1&exintro=1&exlimit=max: You are making too many requests to the API.
Please follow the best practices at <https://www.mediawiki.org/wiki/Wikimedia_APIs/Rate_limits>.
If you are unsure how to get the access you need, contact 
  Wikipedia batch failed: HTTP 429 for https://en.wikipedia.org/w/api.php?action=query&format=json&origin=*&titles=Aron+Peacebringer%27s+daughter%7CArosh%7CArquel%27s+father%7CArquel%27s+mother%7CArr%27yka%7CArrax+%28Sith%29%7CArrGack%7CArric%7CArrizza%7CArrow+Six%7CArrow+Three%7CArruna&redirects=1&prop=extracts&explaintext=1&exintro=1&exlimit=max: You are making too many requests to the API.
Please follow the best practices at <https://www.mediawiki.org/wiki/Wikimedia_APIs/Rate_limits>.
If you are unsure how to get the access you need, contact 
  Wikipedia batch failed: HTTP 429 for https://en.wikipedia.org/w/api.php?action=query&format=json&origin=*&titles=Aron+Peacebringer%27s+daughter%7CArosh%7CArquel%27s+father%7CArquel%27s+mother%7CArr%27yka%7CArrax+%28Sith%29%7CArrGack%7CArric%7CArrizza%7CArrow+Six%7CArrow+Three%7CArruna&redirects=1&prop=extracts&explaintext=1&exintro=1&exlimit=max: You are making too many requests to the API.
Please follow the best practices at <https://www.mediawiki.org/wiki/Wikimedia_APIs/Rate_limits>.
If you are unsure how to get the access you need, contact 
  Wikipedia batch failed: HTTP 429 for https://en.wikipedia.org/w/api.php?action=query&format=json&origin=*&titles=Aron+Peacebringer%27s+daughter%7CArosh%7CArquel%27s+father%7CArquel%27s+mother%7CArr%27yka%7CArrax+%28Sith%29%7CArrGack%7CArric%7CArrizza%7CArrow+Six%7CArrow+Three%7CArruna&redirects=1&prop=extracts&explaintext=1&exintro=1&exlimit=max: You are making too many requests to the API.
Please follow the best practices at <https://www.mediawiki.org/wiki/Wikimedia_APIs/Rate_limits>.
If you are unsure how to get the access you need, contact 
  Wikipedia batch failed: HTTP 429 for https://en.wikipedia.org/w/api.php?action=query&format=json&origin=*&titles=Aron+Peacebringer%27s+daughter%7CArosh%7CArquel%27s+father%7CArquel%27s+mother%7CArr%27yka%7CArrax+%28Sith%29%7CArrGack%7CArric%7CArrizza%7CArrow+Six%7CArrow+Three%7CArruna&redirects=1&prop=extracts&explaintext=1&exintro=1&exlimit=max: You are making too many requests to the API.
Please follow the best practices at <https://www.mediawiki.org/wiki/Wikimedia_APIs/Rate_limits>.
If you are unsure how to get the access you need, contact 
  Wikipedia batch failed: HTTP 429 for https://en.wikipedia.org/w/api.php?action=query&format=json&origin=*&titles=Artano%7CArth%C3%A9zia%7CArthoni%7CAru-Wen%7CAsa-Ku%7CAsara%7CAsha+%28legend%29%7CAsha-Mu%7CAshaad%7CAshe%7CAshel%7CAshnox+Blackstar&redirects=1&prop=extracts&explaintext=1&exintro=1&exlimit=max: You are making too many requests to the API.
Please follow the best practices at <https://www.mediawiki.org/wiki/Wikimedia_APIs/Rate_limits>.
If you are unsure how to get the access you need, contact 
  Wikipedia batch failed: HTTP 429 for https://en.wikipedia.org/w/api.php?action=query&format=json&origin=*&titles=Artano%7CArth%C3%A9zia%7CArthoni%7CAru-Wen%7CAsa-Ku%7CAsara%7CAsha+%28legend%29%7CAsha-Mu%7CAshaad%7CAshe%7CAshel%7CAshnox+Blackstar&redirects=1&prop=extracts&explaintext=1&exintro=1&exlimit=max: You are making too many requests to the API.
Please follow the best practices at <https://www.mediawiki.org/wiki/Wikimedia_APIs/Rate_limits>.
If you are unsure how to get the access you need, contact 
  Wikipedia batch failed: HTTP 429 for https://en.wikipedia.org/w/api.php?action=query&format=json&origin=*&titles=Artano%7CArth%C3%A9zia%7CArthoni%7CAru-Wen%7CAsa-Ku%7CAsara%7CAsha+%28legend%29%7CAsha-Mu%7CAshaad%7CAshe%7CAshel%7CAshnox+Blackstar&redirects=1&prop=extracts&explaintext=1&exintro=1&exlimit=max: You are making too many requests to the API.
Please follow the best practices at <https://www.mediawiki.org/wiki/Wikimedia_APIs/Rate_limits>.
If you are unsure how to get the access you need, contact 
  Wikipedia batch failed: HTTP 429 for https://en.wikipedia.org/w/api.php?action=query&format=json&origin=*&titles=Bab-Udun%7CBacta+Team+leader%7CBad-eye%7CBadji%7CBadmil%7CBaff+Baksheen%7CBagitt%7CBahlea%27s+husband%7CBail+Antilles+%28Rebel+Alliance%29%7CBail+Prestor+Organa%27s+father%7CBail+Prestor+Organa%27s+mother%7CBailey&redirects=1&prop=extracts&explaintext=1&exintro=1&exlimit=max: You are making too many requests to the API.
Please follow the best practices at <https://www.mediawiki.org/wiki/Wikimedia_APIs/Rate_limits>.
If you are unsure how to get the access you need, contact 
  Wikipedia batch failed: HTTP 429 for https://en.wikipedia.org/w/api.php?action=query&format=json&origin=*&titles=Bab-Udun%7CBacta+Team+leader%7CBad-eye%7CBadji%7CBadmil%7CBaff+Baksheen%7CBagitt%7CBahlea%27s+husband%7CBail+Antilles+%28Rebel+Alliance%29%7CBail+Prestor+Organa%27s+father%7CBail+Prestor+Organa%27s+mother%7CBailey&redirects=1&prop=extracts&explaintext=1&exintro=1&exlimit=max: You are making too many requests to the API.
Please follow the best practices at <https://www.mediawiki.org/wiki/Wikimedia_APIs/Rate_limits>.
If you are unsure how to get the access you need, contact 
  Wikipedia batch failed: HTTP 429 for https://en.wikipedia.org/w/api.php?action=query&format=json&origin=*&titles=Battle+of+Algara%7CBattle+of+Altair+9%7CBattle+of+Althir+%28second%29%7CBattle+of+Andara%7CBattle+of+Ando+%28Thrawn+campaign%29%7CBattle+of+Atoa%7CBattle+of+Balmorra+%28Clone+Wars%29%7CBattle+of+Balmorra+%28Hundred-Year+Darkness%29%7CBattle+of+Batorine%7CBattle+of+Belsus%7CBattle+of+Berchest%7CBattle+of+Bespin+%28Imperial+Period%29&redirects=1&prop=extracts&explaintext=1&exintro=1&exlimit=max: You are making too many requests to the API.
Please follow the best practices at <https://www.mediawiki.org/wiki/Wikimedia_APIs/Rate_limits>.
If you are unsure how to get the access you need, contact 
  Wikipedia batch failed: HTTP 429 for https://en.wikipedia.org/w/api.php?action=query&format=json&origin=*&titles=Battle+of+Algara%7CBattle+of+Altair+9%7CBattle+of+Althir+%28second%29%7CBattle+of+Andara%7CBattle+of+Ando+%28Thrawn+campaign%29%7CBattle+of+Atoa%7CBattle+of+Balmorra+%28Clone+Wars%29%7CBattle+of+Balmorra+%28Hundred-Year+Darkness%29%7CBattle+of+Batorine%7CBattle+of+Belsus%7CBattle+of+Berchest%7CBattle+of+Bespin+%28Imperial+Period%29&redirects=1&prop=extracts&explaintext=1&exintro=1&exlimit=max: You are making too many requests to the API.
Please follow the best practices at <https://www.mediawiki.org/wiki/Wikimedia_APIs/Rate_limits>.
If you are unsure how to get the access you need, contact 
  Wikipedia batch failed: HTTP 429 for https://en.wikipedia.org/w/api.php?action=query&format=json&origin=*&titles=Battle+of+Chandrila+%28New+Sith+Wars%29%7CBattle+of+Chasidron+Shoals%7CBattle+of+Choal%7CBattle+of+Chommell+Minor%7CBattle+of+Commenor+%28Clone+Wars%29%7CBattle+of+Corsin%7CBattle+of+Corthenia%7CBattle+of+Corulag+%28New+Sith+Wars%29%7CBattle+of+Corulag%7CBattle+of+Coruscant+%28First+Great+Schism%29%7CBattle+of+Coruscant+%28Tionese+War%29%7CBattle+of+Corvair&redirects=1&prop=extracts&explaintext=1&exintro=1&exlimit=max: You are making too many requests to the API.
Please follow the best practices at <https://www.mediawiki.org/wiki/Wikimedia_APIs/Rate_limits>.
If you are unsure how to get the access you need, contact 
  Wikipedia batch failed: HTTP 429 for https://en.wikipedia.org/w/api.php?action=query&format=json&origin=*&titles=Battle+of+Chandrila+%28New+Sith+Wars%29%7CBattle+of+Chasidron+Shoals%7CBattle+of+Choal%7CBattle+of+Chommell+Minor%7CBattle+of+Commenor+%28Clone+Wars%29%7CBattle+of+Corsin%7CBattle+of+Corthenia%7CBattle+of+Corulag+%28New+Sith+Wars%29%7CBattle+of+Corulag%7CBattle+of+Coruscant+%28First+Great+Schism%29%7CBattle+of+Coruscant+%28Tionese+War%29%7CBattle+of+Corvair&redirects=1&prop=extracts&explaintext=1&exintro=1&exlimit=max: You are making too many requests to the API.
Please follow the best practices at <https://www.mediawiki.org/wiki/Wikimedia_APIs/Rate_limits>.
If you are unsure how to get the access you need, contact 
  Wikipedia batch failed: HTTP 429 for https://en.wikipedia.org/w/api.php?action=query&format=json&origin=*&titles=Battle+of+Chandrila+%28New+Sith+Wars%29%7CBattle+of+Chasidron+Shoals%7CBattle+of+Choal%7CBattle+of+Chommell+Minor%7CBattle+of+Commenor+%28Clone+Wars%29%7CBattle+of+Corsin%7CBattle+of+Corthenia%7CBattle+of+Corulag+%28New+Sith+Wars%29%7CBattle+of+Corulag%7CBattle+of+Coruscant+%28First+Great+Schism%29%7CBattle+of+Coruscant+%28Tionese+War%29%7CBattle+of+Corvair&redirects=1&prop=extracts&explaintext=1&exintro=1&exlimit=max: You are making too many requests to the API.
Please follow the best practices at <https://www.mediawiki.org/wiki/Wikimedia_APIs/Rate_limits>.
If you are unsure how to get the access you need, contact 
  Wikipedia batch failed: HTTP 429 for https://en.wikipedia.org/w/api.php?action=query&format=json&origin=*&titles=Battle+of+Chandrila+%28New+Sith+Wars%29%7CBattle+of+Chasidron+Shoals%7CBattle+of+Choal%7CBattle+of+Chommell+Minor%7CBattle+of+Commenor+%28Clone+Wars%29%7CBattle+of+Corsin%7CBattle+of+Corthenia%7CBattle+of+Corulag+%28New+Sith+Wars%29%7CBattle+of+Corulag%7CBattle+of+Coruscant+%28First+Great+Schism%29%7CBattle+of+Coruscant+%28Tionese+War%29%7CBattle+of+Corvair&redirects=1&prop=extracts&explaintext=1&exintro=1&exlimit=max: You are making too many requests to the API.
Please follow the best practices at <https://www.mediawiki.org/wiki/Wikimedia_APIs/Rate_limits>.
If you are unsure how to get the access you need, contact 
  Wikipedia batch failed: HTTP 429 for https://en.wikipedia.org/w/api.php?action=query&format=json&origin=*&titles=Battle+of+Crondre%7CBattle+of+Cyphar%7CBattle+of+DarkStryder%27s+Fortress%7CBattle+of+Dathomir+%28New+Republic+Era%29%7CBattle+of+Dellalt%7CBattle+of+Denon+%28Galactic+War%29%7CBattle+of+Denon+%28New+Sith+Wars%29%7CBattle+of+Jabo%7CBattle+of+the+Angor+system%7CBattle+of+the+Atoan+tar-pit+planet%7CBattle+of+the+Belderone+system%7CBattle+of+the+Berrol%27s+Donn+system&redirects=1&prop=extracts&explaintext=1&exintro=1&exlimit=max: You are making too many requests to the API.
Please follow the best practices at <https://www.mediawiki.org/wiki/Wikimedia_APIs/Rate_limits>.
If you are unsure how to get the access you need, contact 
  Wikipedia batch failed: HTTP 429 for https://en.wikipedia.org/w/api.php?action=query&format=json&origin=*&titles=Battle+of+Crondre%7CBattle+of+Cyphar%7CBattle+of+DarkStryder%27s+Fortress%7CBattle+of+Dathomir+%28New+Republic+Era%29%7CBattle+of+Dellalt%7CBattle+of+Denon+%28Galactic+War%29%7CBattle+of+Denon+%28New+Sith+Wars%29%7CBattle+of+Jabo%7CBattle+of+the+Angor+system%7CBattle+of+the+Atoan+tar-pit+planet%7CBattle+of+the+Belderone+system%7CBattle+of+the+Berrol%27s+Donn+system&redirects=1&prop=extracts&explaintext=1&exintro=1&exlimit=max: You are making too many requests to the API.
Please follow the best practices at <https://www.mediawiki.org/wiki/Wikimedia_APIs/Rate_limits>.
If you are unsure how to get the access you need, contact 
  Wikipedia batch failed: HTTP 429 for https://en.wikipedia.org/w/api.php?action=query&format=json&origin=*&titles=Battle+of+Crondre%7CBattle+of+Cyphar%7CBattle+of+DarkStryder%27s+Fortress%7CBattle+of+Dathomir+%28New+Republic+Era%29%7CBattle+of+Dellalt%7CBattle+of+Denon+%28Galactic+War%29%7CBattle+of+Denon+%28New+Sith+Wars%29%7CBattle+of+Jabo%7CBattle+of+the+Angor+system%7CBattle+of+the+Atoan+tar-pit+planet%7CBattle+of+the+Belderone+system%7CBattle+of+the+Berrol%27s+Donn+system&redirects=1&prop=extracts&explaintext=1&exintro=1&exlimit=max: You are making too many requests to the API.
Please follow the best practices at <https://www.mediawiki.org/wiki/Wikimedia_APIs/Rate_limits>.
If you are unsure how to get the access you need, contact 
  Wikipedia batch failed: HTTP 429 for https://en.wikipedia.org/w/api.php?action=query&format=json&origin=*&titles=Battle+of+Crondre%7CBattle+of+Cyphar%7CBattle+of+DarkStryder%27s+Fortress%7CBattle+of+Dathomir+%28New+Republic+Era%29%7CBattle+of+Dellalt%7CBattle+of+Denon+%28Galactic+War%29%7CBattle+of+Denon+%28New+Sith+Wars%29%7CBattle+of+Jabo%7CBattle+of+the+Angor+system%7CBattle+of+the+Atoan+tar-pit+planet%7CBattle+of+the+Belderone+system%7CBattle+of+the+Berrol%27s+Donn+system&redirects=1&prop=extracts&explaintext=1&exintro=1&exlimit=max: You are making too many requests to the API.
Please follow the best practices at <https://www.mediawiki.org/wiki/Wikimedia_APIs/Rate_limits>.
If you are unsure how to get the access you need, contact 
  Wikipedia batch failed: HTTP 429 for https://en.wikipedia.org/w/api.php?action=query&format=json&origin=*&titles=Beta+Omega%7CBetolo%7CBetsi%7CBettle%27s+sister%7CBex%7CBhotur%7CBiblack%7CBie+Breil%27lya%7CBig+Blismo%7CBig+bruiser%7CBig+Burke%7CBigbot&redirects=1&prop=extracts&explaintext=1&exintro=1&exlimit=max: You are making too many requests to the API.
Please follow the best practices at <https://www.mediawiki.org/wiki/Wikimedia_APIs/Rate_limits>.
If you are unsure how to get the access you need, contact 
  Wikipedia batch failed: HTTP 429 for https://en.wikipedia.org/w/api.php?action=query&format=json&origin=*&titles=Beta+Omega%7CBetolo%7CBetsi%7CBettle%27s+sister%7CBex%7CBhotur%7CBiblack%7CBie+Breil%27lya%7CBig+Blismo%7CBig+bruiser%7CBig+Burke%7CBigbot&redirects=1&prop=extracts&explaintext=1&exintro=1&exlimit=max: You are making too many requests to the API.
Please follow the best practices at <https://www.mediawiki.org/wiki/Wikimedia_APIs/Rate_limits>.
If you are unsure how to get the access you need, contact 
  Wikipedia batch failed: HTTP 429 for https://en.wikipedia.org/w/api.php?action=query&format=json&origin=*&titles=Bischt+Renner%27s+grandmother%7CBishta%7CBithabus%7CBiv+Bodhrik%7CBix+Caleen%27s+father%7CBixon%7CBiyel+Broan%7CBizu%7CBJ-7567%7CBlack+%28captain%29%7CBlack+Sun+pirate+raid%7CBlack+Tongue&redirects=1&prop=extracts&explaintext=1&exintro=1&exlimit=max: You are making too many requests to the API.
Please follow the best practices at <https://www.mediawiki.org/wiki/Wikimedia_APIs/Rate_limits>.
If you are unsure how to get the access you need, contact 
  Wikipedia batch failed: HTTP 429 for https://en.wikipedia.org/w/api.php?action=query&format=json&origin=*&titles=Bischt+Renner%27s+grandmother%7CBishta%7CBithabus%7CBiv+Bodhrik%7CBix+Caleen%27s+father%7CBixon%7CBiyel+Broan%7CBizu%7CBJ-7567%7CBlack+%28captain%29%7CBlack+Sun+pirate+raid%7CBlack+Tongue&redirects=1&prop=extracts&explaintext=1&exintro=1&exlimit=max: You are making too many requests to the API.
Please follow the best practices at <https://www.mediawiki.org/wiki/Wikimedia_APIs/Rate_limits>.
If you are unsure how to get the access you need, contact 
  Wikipedia batch failed: HTTP 429 for https://en.wikipedia.org/w/api.php?action=query&format=json&origin=*&titles=Bischt+Renner%27s+grandmother%7CBishta%7CBithabus%7CBiv+Bodhrik%7CBix+Caleen%27s+father%7CBixon%7CBiyel+Broan%7CBizu%7CBJ-7567%7CBlack+%28captain%29%7CBlack+Sun+pirate+raid%7CBlack+Tongue&redirects=1&prop=extracts&explaintext=1&exintro=1&exlimit=max: You are making too many requests to the API.
Please follow the best practices at <https://www.mediawiki.org/wiki/Wikimedia_APIs/Rate_limits>.
If you are unsure how to get the access you need, contact 
  Wikipedia batch failed: HTTP 429 for https://en.wikipedia.org/w/api.php?action=query&format=json&origin=*&titles=Bischt+Renner%27s+grandmother%7CBishta%7CBithabus%7CBiv+Bodhrik%7CBix+Caleen%27s+father%7CBixon%7CBiyel+Broan%7CBizu%7CBJ-7567%7CBlack+%28captain%29%7CBlack+Sun+pirate+raid%7CBlack+Tongue&redirects=1&prop=extracts&explaintext=1&exintro=1&exlimit=max: You are making too many requests to the API.
Please follow the best practices at <https://www.mediawiki.org/wiki/Wikimedia_APIs/Rate_limits>.
If you are unsure how to get the access you need, contact 
  Wikipedia batch failed: HTTP 429 for https://en.wikipedia.org/w/api.php?action=query&format=json&origin=*&titles=Blackie+%28junkyard+owner%29%7CBlackout+%28weapon%29%7CBlade+of+Zakata+Par%7CBlade+One+%28Endor%29%7CBlaide%7CBlainekie%7CBlalock%7CBlanco%7CBlarnak%7CBlast+synchronizer%7CBlast+tube%7CBlast+Vector+Computer&redirects=1&prop=extracts&explaintext=1&exintro=1&exlimit=max: You are making too many requests to the API.
Please follow the best practices at <https://www.mediawiki.org/wiki/Wikimedia_APIs/Rate_limits>.
If you are unsure how to get the access you need, contact 
  Wikipedia batch failed: HTTP 429 for https://en.wikipedia.org/w/api.php?action=query&format=json&origin=*&titles=Blackie+%28junkyard+owner%29%7CBlackout+%28weapon%29%7CBlade+of+Zakata+Par%7CBlade+One+%28Endor%29%7CBlaide%7CBlainekie%7CBlalock%7CBlanco%7CBlarnak%7CBlast+synchronizer%7CBlast+tube%7CBlast+Vector+Computer&redirects=1&prop=extracts&explaintext=1&exintro=1&exlimit=max: You are making too many requests to the API.
Please follow the best practices at <https://www.mediawiki.org/wiki/Wikimedia_APIs/Rate_limits>.
If you are unsure how to get the access you need, contact 
  Wikipedia batch failed: HTTP 429 for https://en.wikipedia.org/w/api.php?action=query&format=json&origin=*&titles=Blackie+%28junkyard+owner%29%7CBlackout+%28weapon%29%7CBlade+of+Zakata+Par%7CBlade+One+%28Endor%29%7CBlaide%7CBlainekie%7CBlalock%7CBlanco%7CBlarnak%7CBlast+synchronizer%7CBlast+tube%7CBlast+Vector+Computer&redirects=1&prop=extracts&explaintext=1&exintro=1&exlimit=max: You are making too many requests to the API.
Please follow the best practices at <https://www.mediawiki.org/wiki/Wikimedia_APIs/Rate_limits>.
If you are unsure how to get the access you need, contact 
  Wikipedia batch failed: HTTP 429 for https://en.wikipedia.org/w/api.php?action=query&format=json&origin=*&titles=Bokwarro%7CBol+%28Separatist%29%7CBolban%7CBolBol%7CBolleon%7CBolto%7CBoma+%28Gungan%29%7CB%C3%B4mlas%7CBon+%28tech%29%7CBonda%7CBondeeni%7CBonion&redirects=1&prop=extracts&explaintext=1&exintro=1&exlimit=max: You are making too many requests to the API.
Please follow the best practices at <https://www.mediawiki.org/wiki/Wikimedia_APIs/Rate_limits>.
If you are unsure how to get the access you need, contact 
  Wikipedia batch failed: HTTP 429 for https://en.wikipedia.org/w/api.php?action=query&format=json&origin=*&titles=Bokwarro%7CBol+%28Separatist%29%7CBolban%7CBolBol%7CBolleon%7CBolto%7CBoma+%28Gungan%29%7CB%C3%B4mlas%7CBon+%28tech%29%7CBonda%7CBondeeni%7CBonion&redirects=1&prop=extracts&explaintext=1&exintro=1&exlimit=max: You are making too many requests to the API.
Please follow the best practices at <https://www.mediawiki.org/wiki/Wikimedia_APIs/Rate_limits>.
If you are unsure how to get the access you need, contact 
  Wikipedia batch failed: HTTP 429 for https://en.wikipedia.org/w/api.php?action=query&format=json&origin=*&titles=Brunok%7CBrusela%7CBrushaun%7CBrute+%28Endor%29%7CBrute+%28Gungan%29%7CBryce+Agoris%7CBryn+Apice%7CBshrah-Ky-Ushsj%7CBuck+Vancto%27s+starship%7CBuford%7CBug+%28S%C3%ADdi%29%7CBuggo&redirects=1&prop=extracts&explaintext=1&exintro=1&exlimit=max: You are making too many requests to the API.
Please follow the best practices at <https://www.mediawiki.org/wiki/Wikimedia_APIs/Rate_limits>.
If you are unsure how to get the access you need, contact 
  Wikipedia batch failed: HTTP 429 for https://en.wikipedia.org/w/api.php?action=query&format=json&origin=*&titles=Brunok%7CBrusela%7CBrushaun%7CBrute+%28Endor%29%7CBrute+%28Gungan%29%7CBryce+Agoris%7CBryn+Apice%7CBshrah-Ky-Ushsj%7CBuck+Vancto%27s+starship%7CBuford%7CBug+%28S%C3%ADdi%29%7CBuggo&redirects=1&prop=extracts&explaintext=1&exintro=1&exlimit=max: You are making too many requests to the API.
Please follow the best practices at <https://www.mediawiki.org/wiki/Wikimedia_APIs/Rate_limits>.
If you are unsure how to get the access you need, contact 
  Wikipedia batch failed: HTTP 429 for https://en.wikipedia.org/w/api.php?action=query&format=json&origin=*&titles=Brunok%7CBrusela%7CBrushaun%7CBrute+%28Endor%29%7CBrute+%28Gungan%29%7CBryce+Agoris%7CBryn+Apice%7CBshrah-Ky-Ushsj%7CBuck+Vancto%27s+starship%7CBuford%7CBug+%28S%C3%ADdi%29%7CBuggo&redirects=1&prop=extracts&explaintext=1&exintro=1&exlimit=max: You are making too many requests to the API.
Please follow the best practices at <https://www.mediawiki.org/wiki/Wikimedia_APIs/Rate_limits>.
If you are unsure how to get the access you need, contact 
  Wikipedia batch failed: HTTP 429 for https://en.wikipedia.org/w/api.php?action=query&format=json&origin=*&titles=Brunok%7CBrusela%7CBrushaun%7CBrute+%28Endor%29%7CBrute+%28Gungan%29%7CBryce+Agoris%7CBryn+Apice%7CBshrah-Ky-Ushsj%7CBuck+Vancto%27s+starship%7CBuford%7CBug+%28S%C3%ADdi%29%7CBuggo&redirects=1&prop=extracts&explaintext=1&exintro=1&exlimit=max: You are making too many requests to the API.
Please follow the best practices at <https://www.mediawiki.org/wiki/Wikimedia_APIs/Rate_limits>.
If you are unsure how to get the access you need, contact 
  Wikipedia batch failed: HTTP 429 for https://en.wikipedia.org/w/api.php?action=query&format=json&origin=*&titles=Bular%7CBulger%7CBullba+Bari%7CBullkey%7CBullyak%7CBunt%7CBunurrut%7CBur%27lorr%7CBurlug%7CBurner%7CBurta%7CBusteromuchmacho&redirects=1&prop=extracts&explaintext=1&exintro=1&exlimit=max: You are making too many requests to the API.
Please follow the best practices at <https://www.mediawiki.org/wiki/Wikimedia_APIs/Rate_limits>.
If you are unsure how to get the access you need, contact 
  Wikipedia batch failed: HTTP 429 for https://en.wikipedia.org/w/api.php?action=query&format=json&origin=*&titles=Bular%7CBulger%7CBullba+Bari%7CBullkey%7CBullyak%7CBunt%7CBunurrut%7CBur%27lorr%7CBurlug%7CBurner%7CBurta%7CBusteromuchmacho&redirects=1&prop=extracts&explaintext=1&exintro=1&exlimit=max: You are making too many requests to the API.
Please follow the best practices at <https://www.mediawiki.org/wiki/Wikimedia_APIs/Rate_limits>.
If you are unsure how to get the access you need, contact 
  Wikipedia batch failed: HTTP 429 for https://en.wikipedia.org/w/api.php?action=query&format=json&origin=*&titles=Bular%7CBulger%7CBullba+Bari%7CBullkey%7CBullyak%7CBunt%7CBunurrut%7CBur%27lorr%7CBurlug%7CBurner%7CBurta%7CBusteromuchmacho&redirects=1&prop=extracts&explaintext=1&exintro=1&exlimit=max: You are making too many requests to the API.
Please follow the best practices at <https://www.mediawiki.org/wiki/Wikimedia_APIs/Rate_limits>.
If you are unsure how to get the access you need, contact 
  Wikipedia batch failed: HTTP 429 for https://en.wikipedia.org/w/api.php?action=query&format=json&origin=*&titles=Cantis+Bralor%7CCantonican+Dream%7CCapture+of+Castell%7CCaravel+%28starship%29%7CCardya%7CCareese%7CCargo+Dock+Clash%7CCarida+incident%7CCarl+Ashon%7CCarlon+Brandes%7CCarolle%7CCarria&redirects=1&prop=extracts&explaintext=1&exintro=1&exlimit=max: You are making too many requests to the API.
Please follow the best practices at <https://www.mediawiki.org/wiki/Wikimedia_APIs/Rate_limits>.
If you are unsure how to get the access you need, contact 
  Wikipedia batch failed: HTTP 429 for https://en.wikipedia.org/w/api.php?action=query&format=json&origin=*&titles=Cantis+Bralor%7CCantonican+Dream%7CCapture+of+Castell%7CCaravel+%28starship%29%7CCardya%7CCareese%7CCargo+Dock+Clash%7CCarida+incident%7CCarl+Ashon%7CCarlon+Brandes%7CCarolle%7CCarria&redirects=1&prop=extracts&explaintext=1&exintro=1&exlimit=max: You are making too many requests to the API.
Please follow the best practices at <https://www.mediawiki.org/wiki/Wikimedia_APIs/Rate_limits>.
If you are unsure how to get the access you need, contact 
  Wikipedia batch failed: HTTP 429 for https://en.wikipedia.org/w/api.php?action=query&format=json&origin=*&titles=Chloa%7CCho+Badeleg%7CChouch%7CChrysalis+Party%7CChryselia%7CChuck+Bratz%7CChurruma+rebellion%7CCL-A1+Alderinium+Cylinoid%7CClaith+Bennis%7CClarani%7CClarelle%7CClass+M+planet&redirects=1&prop=extracts&explaintext=1&exintro=1&exlimit=max: You are making too many requests to the API.
Please follow the best practices at <https://www.mediawiki.org/wiki/Wikimedia_APIs/Rate_limits>.
If you are unsure how to get the access you need, contact 
  Wikipedia batch failed: HTTP 429 for https://en.wikipedia.org/w/api.php?action=query&format=json&origin=*&titles=Chloa%7CCho+Badeleg%7CChouch%7CChrysalis+Party%7CChryselia%7CChuck+Bratz%7CChurruma+rebellion%7CCL-A1+Alderinium+Cylinoid%7CClaith+Bennis%7CClarani%7CClarelle%7CClass+M+planet&redirects=1&prop=extracts&explaintext=1&exintro=1&exlimit=max: You are making too many requests to the API.
Please follow the best practices at <https://www.mediawiki.org/wiki/Wikimedia_APIs/Rate_limits>.
If you are unsure how to get the access you need, contact 
  Wikipedia batch failed: HTTP 429 for https://en.wikipedia.org/w/api.php?action=query&format=json&origin=*&titles=Chloa%7CCho+Badeleg%7CChouch%7CChrysalis+Party%7CChryselia%7CChuck+Bratz%7CChurruma+rebellion%7CCL-A1+Alderinium+Cylinoid%7CClaith+Bennis%7CClarani%7CClarelle%7CClass+M+planet&redirects=1&prop=extracts&explaintext=1&exintro=1&exlimit=max: You are making too many requests to the API.
Please follow the best practices at <https://www.mediawiki.org/wiki/Wikimedia_APIs/Rate_limits>.
If you are unsure how to get the access you need, contact 
  Wikipedia batch failed: HTTP 429 for https://en.wikipedia.org/w/api.php?action=query&format=json&origin=*&titles=Chloa%7CCho+Badeleg%7CChouch%7CChrysalis+Party%7CChryselia%7CChuck+Bratz%7CChurruma+rebellion%7CCL-A1+Alderinium+Cylinoid%7CClaith+Bennis%7CClarani%7CClarelle%7CClass+M+planet&redirects=1&prop=extracts&explaintext=1&exintro=1&exlimit=max: You are making too many requests to the API.
Please follow the best practices at <https://www.mediawiki.org/wiki/Wikimedia_APIs/Rate_limits>.
If you are unsure how to get the access you need, contact 
  Wikipedia batch failed: HTTP 429 for https://en.wikipedia.org/w/api.php?action=query&format=json&origin=*&titles=Cleanse%7CCligot%7CCloaking+revver%7CCloudcraft%7CClune%7CCo%27overma%7CCold+war%7CComali%7CCombat+guild%7CComet%27s+Wake%7CCommand+shuttle%7CCommandeered+transport&redirects=1&prop=extracts&explaintext=1&exintro=1&exlimit=max: You are making too many requests to the API.
Please follow the best practices at <https://www.mediawiki.org/wiki/Wikimedia_APIs/Rate_limits>.
If you are unsure how to get the access you need, contact 
  Wikipedia batch failed: HTTP 429 for https://en.wikipedia.org/w/api.php?action=query&format=json&origin=*&titles=Cleanse%7CCligot%7CCloaking+revver%7CCloudcraft%7CClune%7CCo%27overma%7CCold+war%7CComali%7CCombat+guild%7CComet%27s+Wake%7CCommand+shuttle%7CCommandeered+transport&redirects=1&prop=extracts&explaintext=1&exintro=1&exlimit=max: You are making too many requests to the API.
Please follow the best practices at <https://www.mediawiki.org/wiki/Wikimedia_APIs/Rate_limits>.
If you are unsure how to get the access you need, contact 
